ok - an abandoned same-process lock hold is reclaimed; a parent's live hold is not
ok - stale .steal chain recovers without growing .steal suffixes
ok - compare-and-remove preserves a live replacement swapped in during recheck
ok - concurrent stale-lock recovery yields exactly one owner and no suffix growth
ok - without BASHPID a subshell cannot release or reclaim its parent lock and owns its own hold
ok - bounded acquire hands ownership to the waiting caller after contention
ok - presentation lock waits are bounded and retriable without weakening acknowledgement atomicity
ok - malformed presentation locks report acquire failure instead of contention
ok - foreign secondmate queue alerts once per no-progress episode without age-only or cascade noise
ok - declared external-wait pause rows do not feed secondmate wake-loop escalation
ok - a reprovisioned queue generation starts a fresh no-progress interval
ok - an active turn defers the secondmate stall escalation without cancelling it
ok - a long-lived mate mid-turn is not a stall, but a queue frozen past the busy bound still alarms
ok - secondmate stall markers reject symlinks without touching their targets
ok - stall publication acknowledgement closes the pre-marker crash window
ok - empty prefix mate cleanup preserves another mate's stall receipt
ok - self-announced appends suppress only their own bytes and fail toward waking
ok - historical annotations replay nothing already announced and keep everything new
WAKE_ACK_REQUIRED: after handling completes run bin/fm-wake-drain.sh --ack-through 39 --recovery-generation 52116.1791168714.fzqFZH
ok - concurrent append plus drain preserves durable records through acknowledgement
ok - signal written while no watcher runs is caught on next run
WAKE_ACK_REQUIRED: after handling completes run bin/fm-wake-drain.sh --ack-through 1 --recovery-generation 71974.1791168728.aKaq4F
●━━━━━━━━━━━━━━━━━━━━━━━━━━━━━━━━━━━━━━━━━━━━━━━━━━━━━━━━━━━━━━━━━━━━━━━
●  WATCHER DOWN - SUPERVISION IS OFF
●  1 task(s) in flight, but no live watcher process holds this home lock (last beat: 1s ago).
●  Trust the emitted supervision protocol for this harness; do not use shell & for watcher repair.
●  This is a supervision warning only; the guarded operation WILL still run.
●  After draining queued wakes, source '/Users/irene/Developer/kunchenguid_repos/firstmate/config/x-mode.env' first, then repair missing watcher supervision according to the session-start block for this harness; do not use shell &.
●━━━━━━━━━━━━━━━━━━━━━━━━━━━━━━━━━━━━━━━━━━━━━━━━━━━━━━━━━━━━━━━━━━━━━━━
WARNING: queued wakes pending - drain them with bin/fm-wake-drain.sh before anything else.
ok - stale wake is queued before suppressor state is advanced
WAKE_ACK_REQUIRED: after handling completes run bin/fm-wake-drain.sh --ack-through 1 --recovery-generation 75013.1791168730.qArlqU
●━━━━━━━━━━━━━━━━━━━━━━━━━━━━━━━━━━━━━━━━━━━━━━━━━━━━━━━━━━━━━━━━━━━━━━━
●  WATCHER DOWN - SUPERVISION IS OFF
●  1 task(s) in flight, but no live watcher process holds this home lock (last beat: 2s ago).
●  Trust the emitted supervision protocol for this harness; do not use shell & for watcher repair.
●  This is a supervision warning only; the guarded operation WILL still run.
●  After draining queued wakes, source '/Users/irene/Developer/kunchenguid_repos/firstmate/config/x-mode.env' first, then repair missing watcher supervision according to the session-start block for this harness; do not use shell &.
●━━━━━━━━━━━━━━━━━━━━━━━━━━━━━━━━━━━━━━━━━━━━━━━━━━━━━━━━━━━━━━━━━━━━━━━
WARNING: queued wakes pending - drain them with bin/fm-wake-drain.sh before anything else.
ok - a not-provably-working stale wake is queued before its suppressor is advanced
WAKE_ACK_REQUIRED: after handling completes run bin/fm-wake-drain.sh --ack-through 1 --recovery-generation 76994.1791168732.kE5OoX
●━━━━━━━━━━━━━━━━━━━━━━━━━━━━━━━━━━━━━━━━━━━━━━━━━━━━━━━━━━━━━━━━━━━━━━━
●  WATCHER DOWN - SUPERVISION IS OFF
●  1 registered custom check(s), but no live watcher process holds this home lock (last beat: 1s ago).
●  Trust the emitted supervision protocol for this harness; do not use shell & for watcher repair.
●  This is a supervision warning only; the guarded operation WILL still run.
●  After draining queued wakes, source '/Users/irene/Developer/kunchenguid_repos/firstmate/config/x-mode.env' first, then repair missing watcher supervision according to the session-start block for this harness; do not use shell &.
●━━━━━━━━━━━━━━━━━━━━━━━━━━━━━━━━━━━━━━━━━━━━━━━━━━━━━━━━━━━━━━━━━━━━━━━
WARNING: queued wakes pending - drain them with bin/fm-wake-drain.sh before anything else.
ok - registered custom check output is queued before cadence suppression
ok - concurrent drains replay until one post-handling acknowledgement consumes records
WAKE_ACK_REQUIRED: after handling completes run bin/fm-wake-drain.sh --ack-through 4 --recovery-generation 79619.1791168734.VoS4LK
ok - drain collapses obvious duplicate heartbeat and signal records
ok - drain asserts watcher liveness: warns on a lapse, stays silent for a live watcher with a fresh beacon
WAKE_ACK_REQUIRED: after handling completes run bin/fm-wake-drain.sh --ack-through 8 --recovery-generation 80816.1791168735.dianvB
ok - structural signal enrichment is separate, deduped, home-local, and tier-zero for other wakes
WAKE_ACK_REQUIRED: after handling completes run bin/fm-wake-drain.sh --ack-through 13 --recovery-generation 81943.1791168736.SEG4Ye
ok - every readable unread status line is annotated in full while invalid status files preserve their raw wakes
WAKE_ACK_REQUIRED: after handling completes run bin/fm-wake-drain.sh --ack-through 1 --recovery-generation 84022.1791168738.Pdo43b
WAKE_ACK_REQUIRED: after handling completes run bin/fm-wake-drain.sh --ack-through 2 --recovery-generation 84022.1791168738.Pdo43b
ok - slow annotation releases the append lock and a deleted status file fails open
ok - a branch-actor scoped ack never swallows an unacked main-owned row, and main's later drain sees exactly what remains
ok - main drain and acknowledgement exclude an active branch grant
ok - a branch-held row raises no queued-wake warning for main, and the same row is presented and acknowledged once the grant clears
ok - a queue that cannot be counted keeps the queued-wake alarm up
ok - structurally unusable rows are retired by main alone, leaving every remaining row presentable and acknowledgeable
ok - branch grant cannot take a row already claimed by main
ok - actor ownership filtering precedes same-key deduplication
ok - main reclaims rows granted to an exited branch owner
ok - a branch-actor drain with no eligible-row snapshot refuses loudly instead of draining nothing
WAKE_ACK_REQUIRED: after handling completes run bin/fm-wake-drain.sh --ack-through 1 --recovery-generation existing
ok - wake append publishes atomic recovery evidence before durable rows
ok - wake drain: generation-less legacy wakes are adopted and acknowledged
ok - wake drain: a stale acknowledgement cannot retire or consume a newer recovery episode
ok - wake drain: an acknowledgement that consumes nothing says so and names the exact command for the current wake
ok - wake drain: a branch acknowledgement that consumes nothing names the exact command for its granted wake
ok - wake drain: recovery acknowledgement failures are explicit and retryable
wake drain: invalid acknowledgement sequence
not ok - pre-commit replay acknowledgement failed
